00:00 +0: loading /Users/youh4ck3dme/projekty-pwa/BizAgent/BizAgent-main/test/widget_test.dart                                                                                                         00:01 +0: loading /Users/youh4ck3dme/projekty-pwa/BizAgent/BizAgent-main/test/widget_test.dart                                                                                                         00:02 +0: loading /Users/youh4ck3dme/projekty-pwa/BizAgent/BizAgent-main/test/widget_test.dart                                                                                                         00:02 +0: App smoke test                                                                                                                                                                               00:02 +0: App smoke test                                                                                                                                                                               
══╡ EXCEPTION CAUGHT BY WIDGETS LIBRARY ╞═══════════════════════════════════════════════════════════
The following FirebaseException was thrown building BizAgentApp(dirty, dependencies:
[UncontrolledProviderScope], state: _ConsumerState#a4293):
[core/no-app] No Firebase App '[DEFAULT]' has been created - call Firebase.initializeApp()

The relevant error-causing widget was:
  BizAgentApp
  BizAgentApp:file:///Users/youh4ck3dme/projekty-pwa/BizAgent/BizAgent-main/test/widget_test.dart:53:22

When the exception was thrown, this was the stack:
#1      _ProviderStateSubscription.read (package:riverpod/src/framework/provider_base.dart:181:28)
#2      ConsumerStatefulElement.watch (package:flutter_riverpod/src/consumer.dart:568:8)
#3      BizAgentApp.build (package:bizagent/app.dart:17:24)
#4      _ConsumerState.build (package:flutter_riverpod/src/consumer.dart:476:19)
#5      StatefulElement.build (package:flutter/src/widgets/framework.dart:5934:27)
#6      ConsumerStatefulElement.build (package:flutter_riverpod/src/consumer.dart:539:20)
#7      ComponentElement.performRebuild (package:flutter/src/widgets/framework.dart:5820:15)
#8      StatefulElement.performRebuild (package:flutter/src/widgets/framework.dart:5985:11)
#9      Element.rebuild (package:flutter/src/widgets/framework.dart:5532:7)
#10     ComponentElement._firstBuild (package:flutter/src/widgets/framework.dart:5802:5)
#11     StatefulElement._firstBuild (package:flutter/src/widgets/framework.dart:5976:11)
#12     ComponentElement.mount (package:flutter/src/widgets/framework.dart:5796:5)
...     Normal element mounting (7 frames)
#19     _UncontrolledProviderScopeElement.mount (package:flutter_riverpod/src/framework.dart:315:11)
...     Normal element mounting (9 frames)
#28     Element.inflateWidget (package:flutter/src/widgets/framework.dart:4590:20)
#29     Element.updateChild (package:flutter/src/widgets/framework.dart:4053:20)
#30     ComponentElement.performRebuild (package:flutter/src/widgets/framework.dart:5844:16)
#31     Element.rebuild (package:flutter/src/widgets/framework.dart:5532:7)
#32     ProxyElement.update (package:flutter/src/widgets/framework.dart:6152:5)
#33     _InheritedNotifierElement.update (package:flutter/src/widgets/inherited_notifier.dart:108:11)
#34     Element.updateChild (package:flutter/src/widgets/framework.dart:4037:15)
#35     ComponentElement.performRebuild (package:flutter/src/widgets/framework.dart:5844:16)
#36     StatefulElement.performRebuild (package:flutter/src/widgets/framework.dart:5985:11)
#37     Element.rebuild (package:flutter/src/widgets/framework.dart:5532:7)
#38     StatefulElement.update (package:flutter/src/widgets/framework.dart:6010:5)
#39     Element.updateChild (package:flutter/src/widgets/framework.dart:4037:15)
#40     ComponentElement.performRebuild (package:flutter/src/widgets/framework.dart:5844:16)
#41     Element.rebuild (package:flutter/src/widgets/framework.dart:5532:7)
#42     ProxyElement.update (package:flutter/src/widgets/framework.dart:6152:5)
#43     _InheritedNotifierElement.update (package:flutter/src/widgets/inherited_notifier.dart:108:11)
#44     Element.updateChild (package:flutter/src/widgets/framework.dart:4037:15)
#45     ComponentElement.performRebuild (package:flutter/src/widgets/framework.dart:5844:16)
#46     StatefulElement.performRebuild (package:flutter/src/widgets/framework.dart:5985:11)
#47     Element.rebuild (package:flutter/src/widgets/framework.dart:5532:7)
#48     StatefulElement.update (package:flutter/src/widgets/framework.dart:6010:5)
#49     Element.updateChild (package:flutter/src/widgets/framework.dart:4037:15)
#50     ComponentElement.performRebuild (package:flutter/src/widgets/framework.dart:5844:16)
#51     StatefulElement.performRebuild (package:flutter/src/widgets/framework.dart:5985:11)
#52     Element.rebuild (package:flutter/src/widgets/framework.dart:5532:7)
#53     StatefulElement.update (package:flutter/src/widgets/framework.dart:6010:5)
#54     Element.updateChild (package:flutter/src/widgets/framework.dart:4037:15)
#55     ComponentElement.performRebuild (package:flutter/src/widgets/framework.dart:5844:16)
#56     Element.rebuild (package:flutter/src/widgets/framework.dart:5532:7)
#57     ProxyElement.update (package:flutter/src/widgets/framework.dart:6152:5)
#58     Element.updateChild (package:flutter/src/widgets/framework.dart:4037:15)
#59     ComponentElement.performRebuild (package:flutter/src/widgets/framework.dart:5844:16)
#60     StatefulElement.performRebuild (package:flutter/src/widgets/framework.dart:5985:11)
#61     Element.rebuild (package:flutter/src/widgets/framework.dart:5532:7)
#62     StatefulElement.update (package:flutter/src/widgets/framework.dart:6010:5)
#63     Element.updateChild (package:flutter/src/widgets/framework.dart:4037:15)
#64     ComponentElement.performRebuild (package:flutter/src/widgets/framework.dart:5844:16)
#65     Element.rebuild (package:flutter/src/widgets/framework.dart:5532:7)
#66     ProxyElement.update (package:flutter/src/widgets/framework.dart:6152:5)
#67     Element.updateChild (package:flutter/src/widgets/framework.dart:4037:15)
#68     ComponentElement.performRebuild (package:flutter/src/widgets/framework.dart:5844:16)
#69     Element.rebuild (package:flutter/src/widgets/framework.dart:5532:7)
#70     ProxyElement.update (package:flutter/src/widgets/framework.dart:6152:5)
#71     Element.updateChild (package:flutter/src/widgets/framework.dart:4037:15)
#72     _RawViewElement._updateChild (package:flutter/src/widgets/view.dart:481:16)
#73     _RawViewElement.update (package:flutter/src/widgets/view.dart:568:5)
#74     Element.updateChild (package:flutter/src/widgets/framework.dart:4037:15)
#75     ComponentElement.performRebuild (package:flutter/src/widgets/framework.dart:5844:16)
#76     Element.rebuild (package:flutter/src/widgets/framework.dart:5532:7)
#77     StatelessElement.update (package:flutter/src/widgets/framework.dart:5898:5)
#78     Element.updateChild (package:flutter/src/widgets/framework.dart:4037:15)
#79     ComponentElement.performRebuild (package:flutter/src/widgets/framework.dart:5844:16)
#80     StatefulElement.performRebuild (package:flutter/src/widgets/framework.dart:5985:11)
#81     Element.rebuild (package:flutter/src/widgets/framework.dart:5532:7)
#82     StatefulElement.update (package:flutter/src/widgets/framework.dart:6010:5)
#83     Element.updateChild (package:flutter/src/widgets/framework.dart:4037:15)
#84     RootElement._rebuild (package:flutter/src/widgets/binding.dart:1782:16)
#85     RootElement.update (package:flutter/src/widgets/binding.dart:1760:5)
#86     RootElement.performRebuild (package:flutter/src/widgets/binding.dart:1774:7)
#87     Element.rebuild (package:flutter/src/widgets/framework.dart:5532:7)
#88     BuildScope._tryRebuild (package:flutter/src/widgets/framework.dart:2750:15)
#89     BuildScope._flushDirtyElements (package:flutter/src/widgets/framework.dart:2807:11)
#90     BuildOwner.buildScope (package:flutter/src/widgets/framework.dart:3111:18)
#91     AutomatedTestWidgetsFlutterBinding.drawFrame (package:flutter_test/src/binding.dart:1506:19)
#92     RendererBinding._handlePersistentFrameCallback (package:flutter/src/rendering/binding.dart:495:5)
#93     SchedulerBinding._invokeFrameCallback (package:flutter/src/scheduler/binding.dart:1434:15)
#94     SchedulerBinding.handleDrawFrame (package:flutter/src/scheduler/binding.dart:1347:9)
#95     AutomatedTestWidgetsFlutterBinding.pump.<anonymous closure> (package:flutter_test/src/binding.dart:1335:9)
#98     TestAsyncUtils.guard (package:flutter_test/src/test_async_utils.dart:74:41)
#99     AutomatedTestWidgetsFlutterBinding.pump (package:flutter_test/src/binding.dart:1324:27)
#100    WidgetTester.pumpWidget.<anonymous closure> (package:flutter_test/src/widget_tester.dart:598:22)
#103    TestAsyncUtils.guard (package:flutter_test/src/test_async_utils.dart:74:41)
#104    WidgetTester.pumpWidget (package:flutter_test/src/widget_tester.dart:595:27)
#105    main.<anonymous closure> (file:///Users/youh4ck3dme/projekty-pwa/BizAgent/BizAgent-main/test/widget_test.dart:43:18)
#106    testWidgets.<anonymous closure>.<anonymous closure> (package:flutter_test/src/widget_tester.dart:192:29)
#107    TestWidgetsFlutterBinding._runTestBody (package:flutter_test/src/binding.dart:1059:5)
#109    MethodChannelFirebase.app (package:firebase_core_platform_interface/src/method_channel/method_channel_firebase.dart:190:5)
#110    Firebase.app (package:firebase_core/src/firebase.dart:91:41)
#111    FirebaseAnalytics.instance (package:firebase_analytics/src/firebase_analytics.dart:52:47)
#112    routerProvider.<anonymous closure> (package:bizagent/core/router/app_router.dart:45:62)
#113    ProviderContainer.listen (package:riverpod/src/framework/container.dart:280:21)
#114    ConsumerStatefulElement.watch.<anonymous closure> (package:flutter_riverpod/src/consumer.dart:564:25)
#115    _LinkedHashMapMixin.putIfAbsent (dart:_compact_hash:675:23)
#116    ConsumerStatefulElement.watch (package:flutter_riverpod/src/consumer.dart:557:26)
#117    BizAgentApp.build (package:bizagent/app.dart:17:24)
#118    _ConsumerState.build (package:flutter_riverpod/src/consumer.dart:476:19)
#119    StatefulElement.build (package:flutter/src/widgets/framework.dart:5934:27)
#120    ConsumerStatefulElement.build (package:flutter_riverpod/src/consumer.dart:539:20)
#121    ComponentElement.performRebuild (package:flutter/src/widgets/framework.dart:5820:15)
#122    StatefulElement.performRebuild (package:flutter/src/widgets/framework.dart:5985:11)
#123    Element.rebuild (package:flutter/src/widgets/framework.dart:5532:7)
#124    ComponentElement._firstBuild (package:flutter/src/widgets/framework.dart:5802:5)
#125    StatefulElement._firstBuild (package:flutter/src/widgets/framework.dart:5976:11)
#126    ComponentElement.mount (package:flutter/src/widgets/framework.dart:5796:5)
...     Normal element mounting (7 frames)
#133    _UncontrolledProviderScopeElement.mount (package:flutter_riverpod/src/framework.dart:315:11)
...     Normal element mounting (9 frames)
#142    Element.inflateWidget (package:flutter/src/widgets/framework.dart:4590:20)
#143    Element.updateChild (package:flutter/src/widgets/framework.dart:4053:20)
#144    ComponentElement.performRebuild (package:flutter/src/widgets/framework.dart:5844:16)
#145    Element.rebuild (package:flutter/src/widgets/framework.dart:5532:7)
#146    ProxyElement.update (package:flutter/src/widgets/framework.dart:6152:5)
#147    _InheritedNotifierElement.update (package:flutter/src/widgets/inherited_notifier.dart:108:11)
#148    Element.updateChild (package:flutter/src/widgets/framework.dart:4037:15)
#149    ComponentElement.performRebuild (package:flutter/src/widgets/framework.dart:5844:16)
#150    StatefulElement.performRebuild (package:flutter/src/widgets/framework.dart:5985:11)
#151    Element.rebuild (package:flutter/src/widgets/framework.dart:5532:7)
#152    StatefulElement.update (package:flutter/src/widgets/framework.dart:6010:5)
#153    Element.updateChild (package:flutter/src/widgets/framework.dart:4037:15)
#154    ComponentElement.performRebuild (package:flutter/src/widgets/framework.dart:5844:16)
#155    Element.rebuild (package:flutter/src/widgets/framework.dart:5532:7)
#156    ProxyElement.update (package:flutter/src/widgets/framework.dart:6152:5)
#157    _InheritedNotifierElement.update (package:flutter/src/widgets/inherited_notifier.dart:108:11)
#158    Element.updateChild (package:flutter/src/widgets/framework.dart:4037:15)
#159    ComponentElement.performRebuild (package:flutter/src/widgets/framework.dart:5844:16)
#160    StatefulElement.performRebuild (package:flutter/src/widgets/framework.dart:5985:11)
#161    Element.rebuild (package:flutter/src/widgets/framework.dart:5532:7)
#162    StatefulElement.update (package:flutter/src/widgets/framework.dart:6010:5)
#163    Element.updateChild (package:flutter/src/widgets/framework.dart:4037:15)
#164    ComponentElement.performRebuild (package:flutter/src/widgets/framework.dart:5844:16)
#165    StatefulElement.performRebuild (package:flutter/src/widgets/framework.dart:5985:11)
#166    Element.rebuild (package:flutter/src/widgets/framework.dart:5532:7)
#167    StatefulElement.update (package:flutter/src/widgets/framework.dart:6010:5)
#168    Element.updateChild (package:flutter/src/widgets/framework.dart:4037:15)
#169    ComponentElement.performRebuild (package:flutter/src/widgets/framework.dart:5844:16)
#170    Element.rebuild (package:flutter/src/widgets/framework.dart:5532:7)
#171    ProxyElement.update (package:flutter/src/widgets/framework.dart:6152:5)
#172    Element.updateChild (package:flutter/src/widgets/framework.dart:4037:15)
#173    ComponentElement.performRebuild (package:flutter/src/widgets/framework.dart:5844:16)
#174    StatefulElement.performRebuild (package:flutter/src/widgets/framework.dart:5985:11)
#175    Element.rebuild (package:flutter/src/widgets/framework.dart:5532:7)
#176    StatefulElement.update (package:flutter/src/widgets/framework.dart:6010:5)
#177    Element.updateChild (package:flutter/src/widgets/framework.dart:4037:15)
#178    ComponentElement.performRebuild (package:flutter/src/widgets/framework.dart:5844:16)
#179    Element.rebuild (package:flutter/src/widgets/framework.dart:5532:7)
#180    ProxyElement.update (package:flutter/src/widgets/framework.dart:6152:5)
#181    Element.updateChild (package:flutter/src/widgets/framework.dart:4037:15)
#182    ComponentElement.performRebuild (package:flutter/src/widgets/framework.dart:5844:16)
#183    Element.rebuild (package:flutter/src/widgets/framework.dart:5532:7)
#184    ProxyElement.update (package:flutter/src/widgets/framework.dart:6152:5)
#185    Element.updateChild (package:flutter/src/widgets/framework.dart:4037:15)
#186    _RawViewElement._updateChild (package:flutter/src/widgets/view.dart:481:16)
#187    _RawViewElement.update (package:flutter/src/widgets/view.dart:568:5)
#188    Element.updateChild (package:flutter/src/widgets/framework.dart:4037:15)
#189    ComponentElement.performRebuild (package:flutter/src/widgets/framework.dart:5844:16)
#190    Element.rebuild (package:flutter/src/widgets/framework.dart:5532:7)
#191    StatelessElement.update (package:flutter/src/widgets/framework.dart:5898:5)
#192    Element.updateChild (package:flutter/src/widgets/framework.dart:4037:15)
#193    ComponentElement.performRebuild (package:flutter/src/widgets/framework.dart:5844:16)
#194    StatefulElement.performRebuild (package:flutter/src/widgets/framework.dart:5985:11)
#195    Element.rebuild (package:flutter/src/widgets/framework.dart:5532:7)
#196    StatefulElement.update (package:flutter/src/widgets/framework.dart:6010:5)
#197    Element.updateChild (package:flutter/src/widgets/framework.dart:4037:15)
#198    RootElement._rebuild (package:flutter/src/widgets/binding.dart:1782:16)
#199    RootElement.update (package:flutter/src/widgets/binding.dart:1760:5)
#200    RootElement.performRebuild (package:flutter/src/widgets/binding.dart:1774:7)
#201    Element.rebuild (package:flutter/src/widgets/framework.dart:5532:7)
#202    BuildScope._tryRebuild (package:flutter/src/widgets/framework.dart:2750:15)
#203    BuildScope._flushDirtyElements (package:flutter/src/widgets/framework.dart:2807:11)
#204    BuildOwner.buildScope (package:flutter/src/widgets/framework.dart:3111:18)
#205    AutomatedTestWidgetsFlutterBinding.drawFrame (package:flutter_test/src/binding.dart:1506:19)
#206    RendererBinding._handlePersistentFrameCallback (package:flutter/src/rendering/binding.dart:495:5)
#207    SchedulerBinding._invokeFrameCallback (package:flutter/src/scheduler/binding.dart:1434:15)
#208    SchedulerBinding.handleDrawFrame (package:flutter/src/scheduler/binding.dart:1347:9)
#209    AutomatedTestWidgetsFlutterBinding.pump.<anonymous closure> (package:flutter_test/src/binding.dart:1335:9)
#212    TestAsyncUtils.guard (package:flutter_test/src/test_async_utils.dart:74:41)
#213    AutomatedTestWidgetsFlutterBinding.pump (package:flutter_test/src/binding.dart:1324:27)
#214    WidgetTester.pumpWidget.<anonymous closure> (package:flutter_test/src/widget_tester.dart:598:22)
#217    TestAsyncUtils.guard (package:flutter_test/src/test_async_utils.dart:74:41)
#218    WidgetTester.pumpWidget (package:flutter_test/src/widget_tester.dart:595:27)
#219    main.<anonymous closure> (file:///Users/youh4ck3dme/projekty-pwa/BizAgent/BizAgent-main/test/widget_test.dart:43:18)
#220    testWidgets.<anonymous closure>.<anonymous closure> (package:flutter_test/src/widget_tester.dart:192:29)
#222    testWidgets.<anonymous closure>.<anonymous closure> (package:flutter_test/src/widget_tester.dart:189:25)
#223    TestWidgetsFlutterBinding._runTestBody (package:flutter_test/src/binding.dart:1059:19)
#225    TestWidgetsFlutterBinding._runTestBody (package:flutter_test/src/binding.dart:1048:5)
#228    TestWidgetsFlutterBinding._runTest (package:flutter_test/src/binding.dart:1033:10)
#229    AutomatedTestWidgetsFlutterBinding.runTest.<anonymous closure> (package:flutter_test/src/binding.dart:1564:24)
#230    FakeAsync.run.<anonymous closure>.<anonymous closure> (package:fake_async/fake_async.dart:182:47)
#235    withClock (package:clock/src/default.dart:52:10)
#236    FakeAsync.run.<anonymous closure> (package:fake_async/fake_async.dart:182:15)
#241    FakeAsync.run (package:fake_async/fake_async.dart:181:52)
#242    AutomatedTestWidgetsFlutterBinding.runTest (package:flutter_test/src/binding.dart:1561:15)
#243    testWidgets.<anonymous closure> (package:flutter_test/src/widget_tester.dart:184:24)
#244    Declarer.test.<anonymous closure>.<anonymous closure> (package:test_api/src/backend/declarer.dart:242:19)
#246    Declarer.test.<anonymous closure>.<anonymous closure> (package:test_api/src/backend/declarer.dart:241:9)
#251    Declarer.test.<anonymous closure> (package:test_api/src/backend/declarer.dart:240:13)
#252    Invoker._waitForOutstandingCallbacks.<anonymous closure> (package:test_api/src/backend/invoker.dart:282:17)
#257    Invoker._waitForOutstandingCallbacks (package:test_api/src/backend/invoker.dart:278:5)
#258    Invoker._onRun.<anonymous closure>.<anonymous closure>.<anonymous closure> (package:test_api/src/backend/invoker.dart:418:17)
#260    Invoker._onRun.<anonymous closure>.<anonymous closure>.<anonymous closure> (package:test_api/src/backend/invoker.dart:416:11)
#265    Invoker._onRun.<anonymous closure>.<anonymous closure> (package:test_api/src/backend/invoker.dart:407:9)
#266    Invoker._guardIfGuarded (package:test_api/src/backend/invoker.dart:450:15)
#267    Invoker._onRun.<anonymous closure> (package:test_api/src/backend/invoker.dart:406:7)
#274    Invoker._onRun (package:test_api/src/backend/invoker.dart:405:11)
#275    LiveTestController.run (package:test_api/src/backend/live_test_controller.dart:153:11)
#276    RemoteListener._runLiveTest.<anonymous closure> (package:test_api/src/backend/remote_listener.dart:275:16)
#281    RemoteListener._runLiveTest (package:test_api/src/backend/remote_listener.dart:274:5)
#282    RemoteListener._serializeTest.<anonymous closure> (package:test_api/src/backend/remote_listener.dart:221:7)
#300    _GuaranteeSink.add (package:stream_channel/src/guarantee_channel.dart:125:12)
#301    new _MultiChannel.<anonymous closure> (package:stream_channel/src/multi_channel.dart:159:31)
#303    CastStreamSubscription._onData (dart:_internal/async_cast.dart:95:11)
#329    new _WebSocketImpl._fromSocket.<anonymous closure> (dart:_http/websocket_impl.dart:1252:27)
#335    _WebSocketProtocolTransformer._messageFrameEnd (dart:_http/websocket_impl.dart:348:23)
#336    _WebSocketProtocolTransformer.add (dart:_http/websocket_impl.dart:238:46)
#344    _Socket._onData (dart:io-patch/socket_patch.dart:2880:41)
#351    new _RawSocket.<anonymous closure> (dart:io-patch/socket_patch.dart:2315:31)
#352    _NativeSocket.issueReadEvent.issue (dart:io-patch/socket_patch.dart:1655:14)
(elided 108 frames from dart:async and package:stack_trace)

════════════════════════════════════════════════════════════════════════════════════════════════════
══╡ EXCEPTION CAUGHT BY FLUTTER TEST FRAMEWORK ╞════════════════════════════════════════════════════
The following FirebaseException was thrown running a test:
[core/no-app] No Firebase App '[DEFAULT]' has been created - call Firebase.initializeApp()

When the exception was thrown, this was the stack:
#0      MethodChannelFirebase.app (package:firebase_core_platform_interface/src/method_channel/method_channel_firebase.dart:190:5)
#1      Firebase.app (package:firebase_core/src/firebase.dart:91:41)
#2      FirebaseAnalytics.instance (package:firebase_analytics/src/firebase_analytics.dart:52:47)
#3      routerProvider.<anonymous closure> (package:bizagent/core/router/app_router.dart:45:62)
#4      Provider._create (package:riverpod/src/provider/base.dart:59:57)
#5      ProviderElement.create (package:riverpod/src/provider/base.dart:345:23)
#6      ProviderElementBase.buildState (package:riverpod/src/framework/element.dart:426:7)
#7      ProviderElementBase._performBuild (package:riverpod/src/framework/element.dart:363:5)
#8      ProviderElementBase.flush (package:riverpod/src/framework/element.dart:324:7)
#9      ProviderScheduler._performRefresh (package:riverpod/src/framework/scheduler.dart:100:41)
#10     ProviderScheduler._task (package:riverpod/src/framework/scheduler.dart:88:5)
#11     ProviderScheduler.vsync.<anonymous closure>.invoke (package:riverpod/src/framework/scheduler.dart:41:15)
#12     _UncontrolledProviderScopeElement.build (package:flutter_riverpod/src/framework.dart:396:12)
#13     ComponentElement.performRebuild (package:flutter/src/widgets/framework.dart:5820:15)
#14     Element.rebuild (package:flutter/src/widgets/framework.dart:5532:7)
#15     BuildScope._tryRebuild (package:flutter/src/widgets/framework.dart:2750:15)
#16     BuildScope._flushDirtyElements (package:flutter/src/widgets/framework.dart:2807:11)
#17     BuildOwner.buildScope (package:flutter/src/widgets/framework.dart:3111:18)
#18     AutomatedTestWidgetsFlutterBinding.drawFrame (package:flutter_test/src/binding.dart:1506:19)
#19     RendererBinding._handlePersistentFrameCallback (package:flutter/src/rendering/binding.dart:495:5)
#20     SchedulerBinding._invokeFrameCallback (package:flutter/src/scheduler/binding.dart:1434:15)
#21     SchedulerBinding.handleDrawFrame (package:flutter/src/scheduler/binding.dart:1347:9)
#22     AutomatedTestWidgetsFlutterBinding.pump.<anonymous closure> (package:flutter_test/src/binding.dart:1335:9)
#25     TestAsyncUtils.guard (package:flutter_test/src/test_async_utils.dart:74:41)
#26     AutomatedTestWidgetsFlutterBinding.pump (package:flutter_test/src/binding.dart:1324:27)
#27     WidgetTester.pump.<anonymous closure> (package:flutter_test/src/widget_tester.dart:652:53)
#30     TestAsyncUtils.guard (package:flutter_test/src/test_async_utils.dart:74:41)
#31     WidgetTester.pump (package:flutter_test/src/widget_tester.dart:652:27)
#32     main.<anonymous closure> (file:///Users/youh4ck3dme/projekty-pwa/BizAgent/BizAgent-main/test/widget_test.dart:58:18)
<asynchronous suspension>
#33     testWidgets.<anonymous closure>.<anonymous closure> (package:flutter_test/src/widget_tester.dart:192:15)
<asynchronous suspension>
#34     TestWidgetsFlutterBinding._runTestBody (package:flutter_test/src/binding.dart:1059:5)
<asynchronous suspension>
<asynchronous suspension>
(elided 5 frames from dart:async and package:stack_trace)

The test description was:
  App smoke test
════════════════════════════════════════════════════════════════════════════════════════════════════
══╡ EXCEPTION CAUGHT BY FLUTTER TEST FRAMEWORK ╞════════════════════════════════════════════════════
The following message was thrown:
Multiple exceptions (2) were detected during the running of the current test, and at least one was
unexpected.
════════════════════════════════════════════════════════════════════════════════════════════════════
00:02 +0 -1: App smoke test [E]                                                                                                                                                                        
  Test failed. See exception logs above.
  The test description was: App smoke test
  
══╡ EXCEPTION CAUGHT BY FLUTTER TEST FRAMEWORK ╞════════════════════════════════════════════════════
The following TestFailure was thrown running a test (but after the test had completed):
Expected: at least one matching candidate
  Actual: _TextWidgetFinder:<Found 0 widgets with text "Dashboard": []>
   Which: means none were found but some were expected

When the exception was thrown, this was the stack:
#0      fail (package:matcher/src/expect/expect.dart:149:31)
#1      _expect (package:matcher/src/expect/expect.dart:144:3)
#2      expect (package:matcher/src/expect/expect.dart:56:3)
#3      expect (package:flutter_test/src/widget_tester.dart:473:18)
#4      main.<anonymous closure> (file:///Users/youh4ck3dme/projekty-pwa/BizAgent/BizAgent-main/test/widget_test.dart:64:5)
<asynchronous suspension>
#5      testWidgets.<anonymous closure>.<anonymous closure> (package:flutter_test/src/widget_tester.dart:192:15)
<asynchronous suspension>
#6      TestWidgetsFlutterBinding._runTestBody (package:flutter_test/src/binding.dart:1059:5)
<asynchronous suspension>
<asynchronous suspension>
(elided one frame from package:stack_trace)
════════════════════════════════════════════════════════════════════════════════════════════════════
  Test failed. See exception logs above.
  The test description was: App smoke test
  

To run this test again: /Users/youh4ck3dme/flutter/bin/cache/dart-sdk/bin/dart test /Users/youh4ck3dme/projekty-pwa/BizAgent/BizAgent-main/test/widget_test.dart -p vm --plain-name 'App smoke test'
00:02 +0 -1: Some tests failed.                                                                                                                                                                        
